============================================================
  Generated by:           Genus(TM) Synthesis Solution 21.14-s082_1
  Generated on:           Sep 30 2026  11:26:28 am
  Module:                 alu_4bit
  Operating conditions:   slow (balanced_tree)
  Wireload mode:          enclosed
  Area mode:              timing library
============================================================

  Instance             Module           Cell Count  Cell Area  Net Area   Total Area   Wireload  
-------------------------------------------------------------------------------------------------
alu_4bit                                        98   1473.595     0.000     1473.595 <none> (D)  
  ADD_UNIT   adder_subtractor_4bit              17    319.334     0.000      319.334 <none> (D)  
    ADDER    ripple_carry_adder_4bit            17    319.334     0.000      319.334 <none> (D)  
      FA0    full_adder                          2     39.917     0.000       39.917 <none> (D)  
        HA1  half_adder                          2     39.917     0.000       39.917 <none> (D)  
          a1 and_gate                            1     13.306     0.000       13.306 <none> (D)  
          x1 xor_gate                            1     26.611     0.000       26.611 <none> (D)  
      FA1    full_adder_7_83                     5     93.139     0.000       93.139 <none> (D)  
        HA1  half_adder_100                      2     39.917     0.000       39.917 <none> (D)  
          a1 and_gate_82                         1     13.306     0.000       13.306 <none> (D)  
          x1 xor_gate_119                        1     26.611     0.000       26.611 <none> (D)  
        HA2  half_adder_99                       2     39.917     0.000       39.917 <none> (D)  
          a1 and_gate_81                         1     13.306     0.000       13.306 <none> (D)  
          x1 xor_gate_118                        1     26.611     0.000       26.611 <none> (D)  
        O1   or_gate_7_101                       1     13.306     0.000       13.306 <none> (D)  
      FA2    full_adder_7_84                     5     93.139     0.000       93.139 <none> (D)  
        HA1  half_adder_98                       2     39.917     0.000       39.917 <none> (D)  
          a1 and_gate_80                         1     13.306     0.000       13.306 <none> (D)  
          x1 xor_gate_117                        1     26.611     0.000       26.611 <none> (D)  
        HA2  half_adder_97                       2     39.917     0.000       39.917 <none> (D)  
          a1 and_gate_79                         1     13.306     0.000       13.306 <none> (D)  
          x1 xor_gate_116                        1     26.611     0.000       26.611 <none> (D)  
        O1   or_gate_7_102                       1     13.306     0.000       13.306 <none> (D)  
      FA3    full_adder_7_85                     5     93.139     0.000       93.139 <none> (D)  
        HA1  half_adder_96                       2     39.917     0.000       39.917 <none> (D)  
          a1 and_gate_78                         1     13.306     0.000       13.306 <none> (D)  
          x1 xor_gate_115                        1     26.611     0.000       26.611 <none> (D)  
        HA2  half_adder_95                       2     39.917     0.000       39.917 <none> (D)  
          a1 and_gate_77                         1     13.306     0.000       13.306 <none> (D)  
          x1 xor_gate_114                        1     26.611     0.000       26.611 <none> (D)  
        O1   or_gate_7_103                       1     13.306     0.000       13.306 <none> (D)  
  SUB_UNIT   adder_subtractor_4bit_1            23    365.904     0.000      365.904 <none> (D)  
    ADDER    ripple_carry_adder_4bit_1          19    339.293     0.000      339.293 <none> (D)  
      FA0    full_adder_4                        4     59.875     0.000       59.875 <none> (D)  
        HA1  half_adder_94                       2     39.917     0.000       39.917 <none> (D)  
          a1 and_gate_76                         1     13.306     0.000       13.306 <none> (D)  
          x1 xor_gate_113                        1     26.611     0.000       26.611 <none> (D)  
        O1   or_gate_7_104                       1     13.306     0.000       13.306 <none> (D)  
      FA1    full_adder_7_86                     5     93.139     0.000       93.139 <none> (D)  
        HA1  half_adder_93                       2     39.917     0.000       39.917 <none> (D)  
          a1 and_gate_75                         1     13.306     0.000       13.306 <none> (D)  
          x1 xor_gate_112                        1     26.611     0.000       26.611 <none> (D)  
        HA2  half_adder_92                       2     39.917     0.000       39.917 <none> (D)  
          a1 and_gate_74                         1     13.306     0.000       13.306 <none> (D)  
          x1 xor_gate_111                        1     26.611     0.000       26.611 <none> (D)  
        O1   or_gate_7_105                       1     13.306     0.000       13.306 <none> (D)  
      FA2    full_adder_7_87                     5     93.139     0.000       93.139 <none> (D)  
        HA1  half_adder_91                       2     39.917     0.000       39.917 <none> (D)  
          a1 and_gate_73                         1     13.306     0.000       13.306 <none> (D)  
          x1 xor_gate_110                        1     26.611     0.000       26.611 <none> (D)  
        HA2  half_adder_90                       2     39.917     0.000       39.917 <none> (D)  
          a1 and_gate_72                         1     13.306     0.000       13.306 <none> (D)  
          x1 xor_gate_109                        1     26.611     0.000       26.611 <none> (D)  
        O1   or_gate_7_106                       1     13.306     0.000       13.306 <none> (D)  
      FA3    full_adder_7                        5     93.139     0.000       93.139 <none> (D)  
        HA1  half_adder_89                       2     39.917     0.000       39.917 <none> (D)  
          a1 and_gate_71                         1     13.306     0.000       13.306 <none> (D)  
          x1 xor_gate_108                        1     26.611     0.000       26.611 <none> (D)  
        HA2  half_adder_88                       2     39.917     0.000       39.917 <none> (D)  
          a1 and_gate_70                         1     13.306     0.000       13.306 <none> (D)  
          x1 xor_gate_107                        1     26.611     0.000       26.611 <none> (D)  
        O1   or_gate_7                           1     13.306     0.000       13.306 <none> (D)  
  (D) = wireload is default in technology library
