============================================================
  Generated by:           Genus(TM) Synthesis Solution 21.14-s082_1
  Generated on:           Sep 30 2026  11:26:28 am
  Module:                 alu_4bit
  Operating conditions:   slow (balanced_tree)
  Wireload mode:          enclosed
  Area mode:              timing library
============================================================

                              
  Gate    Instances    Area    Library  
----------------------------------------
AND2X1           16   212.890    tsmc18 
AOI21XL           3    39.917    tsmc18 
AOI221XL          1    23.285    tsmc18 
AOI222XL          1    26.611    tsmc18 
AOI22XL           7   116.424    tsmc18 
INVX1             8    53.222    tsmc18 
INVXL             6    39.917    tsmc18 
MXI2XL            4    93.139    tsmc18 
NAND2BXL          2    26.611    tsmc18 
NAND2XL           5    49.896    tsmc18 
NAND3BXL          1    16.632    tsmc18 
NAND3XL           4    53.222    tsmc18 
NAND4XL           1    16.632    tsmc18 
NOR2XL            7    69.854    tsmc18 
NOR3XL            2    26.611    tsmc18 
OAI21XL           5    66.528    tsmc18 
OAI221XL          1    23.285    tsmc18 
OAI222XL          1    26.611    tsmc18 
OR2X1             9   119.750    tsmc18 
XOR2XL           14   372.557    tsmc18 
----------------------------------------
total            98  1473.595           


                                         
     Type      Instances   Area   Area % 
-----------------------------------------
inverter              14   93.139    6.3 
logic                 84 1380.456   93.7 
physical_cells         0    0.000    0.0 
-----------------------------------------
total                 98 1473.595  100.0 

