============================================================
  Generated by:           Genus(TM) Synthesis Solution 21.14-s082_1
  Generated on:           Sep 30 2026  11:26:28 am
  Module:                 alu_4bit
  Operating conditions:   slow (balanced_tree)
  Wireload mode:          enclosed
  Area mode:              timing library
============================================================

 
  Hierarchy Report Format : 
 
    level instance ( module ) <status>
 
    status :    preserve_<value> -- indicating preserve hierachy or inherited_preserve value
           :    blackbox --  indicating  unresolved instance
 
==================================================================

 0 alu_4bit
  1 ADD_UNIT ( adder_subtractor_4bit ) 
     2 ADDER ( ripple_carry_adder_4bit ) 
        3 FA0 ( full_adder ) 
           4 HA1 ( half_adder ) 
              5 a1 ( and_gate ) 
              5 x1 ( xor_gate ) 
        3 FA1 ( full_adder_7_83 ) 
           4 HA1 ( half_adder_100 ) 
              5 a1 ( and_gate_82 ) 
              5 x1 ( xor_gate_119 ) 
           4 HA2 ( half_adder_99 ) 
              5 a1 ( and_gate_81 ) 
              5 x1 ( xor_gate_118 ) 
           4 O1 ( or_gate_7_101 ) 
        3 FA2 ( full_adder_7_84 ) 
           4 HA1 ( half_adder_98 ) 
              5 a1 ( and_gate_80 ) 
              5 x1 ( xor_gate_117 ) 
           4 HA2 ( half_adder_97 ) 
              5 a1 ( and_gate_79 ) 
              5 x1 ( xor_gate_116 ) 
           4 O1 ( or_gate_7_102 ) 
        3 FA3 ( full_adder_7_85 ) 
           4 HA1 ( half_adder_96 ) 
              5 a1 ( and_gate_78 ) 
              5 x1 ( xor_gate_115 ) 
           4 HA2 ( half_adder_95 ) 
              5 a1 ( and_gate_77 ) 
              5 x1 ( xor_gate_114 ) 
           4 O1 ( or_gate_7_103 ) 
  1 SUB_UNIT ( adder_subtractor_4bit_1 ) 
     2 ADDER ( ripple_carry_adder_4bit_1 ) 
        3 FA0 ( full_adder_4 ) 
           4 HA1 ( half_adder_94 ) 
              5 a1 ( and_gate_76 ) 
              5 x1 ( xor_gate_113 ) 
           4 O1 ( or_gate_7_104 ) 
        3 FA1 ( full_adder_7_86 ) 
           4 HA1 ( half_adder_93 ) 
              5 a1 ( and_gate_75 ) 
              5 x1 ( xor_gate_112 ) 
           4 HA2 ( half_adder_92 ) 
              5 a1 ( and_gate_74 ) 
              5 x1 ( xor_gate_111 ) 
           4 O1 ( or_gate_7_105 ) 
        3 FA2 ( full_adder_7_87 ) 
           4 HA1 ( half_adder_91 ) 
              5 a1 ( and_gate_73 ) 
              5 x1 ( xor_gate_110 ) 
           4 HA2 ( half_adder_90 ) 
              5 a1 ( and_gate_72 ) 
              5 x1 ( xor_gate_109 ) 
           4 O1 ( or_gate_7_106 ) 
        3 FA3 ( full_adder_7 ) 
           4 HA1 ( half_adder_89 ) 
              5 a1 ( and_gate_71 ) 
              5 x1 ( xor_gate_108 ) 
           4 HA2 ( half_adder_88 ) 
              5 a1 ( and_gate_70 ) 
              5 x1 ( xor_gate_107 ) 
           4 O1 ( or_gate_7 ) 
