============================================================
  Generated by:           Genus(TM) Synthesis Solution 21.14-s082_1
  Generated on:           Sep 30 2026  11:26:28 am
  Module:                 alu_4bit
  Operating conditions:   slow (balanced_tree)
  Wireload mode:          enclosed
  Area mode:              timing library
============================================================


Path 1: UNCONSTRAINED
     Startpoint: (F) B[0]
       Endpoint: (F) COUT

                   Capture    Launch  
      Drv Adjust:+       0         0  
                                      
       Data Path:-    2267            

#--------------------------------------------------------------------------------------------------------------
#             Timing Point              Flags   Arc   Edge   Cell     Fanout Load Trans Delay Arrival Instance 
#                                                                            (fF)  (ps)  (ps)   (ps)  Location 
#--------------------------------------------------------------------------------------------------------------
  B[0]                                  -       -     F     (arrival)      5 13.5     0     0       0    (-,-) 
  SUB_UNIT/g12/Y                        -       A->Y  R     INVXL          2  4.0   102    66      66    (-,-) 
  SUB_UNIT/ADDER/FA0/HA1/x1/g13__4733/Y -       B->Y  F     XOR2XL         2  5.0   134   363     430    (-,-) 
  SUB_UNIT/ADDER/FA0/O1/g2__6161/Y      -       A->Y  F     OR2X1          2  4.0    91   242     672    (-,-) 
  SUB_UNIT/ADDER/FA1/HA2/a1/g11__2883/Y -       A->Y  F     AND2X1         1  2.4    74   192     864    (-,-) 
  SUB_UNIT/ADDER/FA1/O1/g2__1666/Y      -       A->Y  F     OR2X1          2  4.0    91   229    1092    (-,-) 
  SUB_UNIT/ADDER/FA2/HA2/a1/g11__5477/Y -       A->Y  F     AND2X1         1  2.4    74   192    1284    (-,-) 
  SUB_UNIT/ADDER/FA2/O1/g2__5107/Y      -       A->Y  F     OR2X1          2  4.0    91   229    1513    (-,-) 
  SUB_UNIT/ADDER/FA3/HA2/a1/g11__8428/Y -       A->Y  F     AND2X1         1  2.4    74   192    1705    (-,-) 
  SUB_UNIT/ADDER/FA3/O1/g2__6783/Y      -       A->Y  F     OR2X1          1  3.1    85   224    1929    (-,-) 
  g1393__3680/Y                         -       B1->Y R     AOI22XL        1  3.1   256   244    2173    (-,-) 
  g1370__7098/Y                         -       B->Y  F     NAND3XL        1  0.0    99    94    2267    (-,-) 
  COUT                                  -       -     F     (port)         -    -     -     0    2267    (-,-) 
#--------------------------------------------------------------------------------------------------------------

